---
source: tui/src/chatwidget/codex_plus_plus/usage_reset_resume_tests.rs
assertion_line: 269
expression: "displayed.join(\"\\n\")"
---
■ OpenAI root account: Usage exhausted
■ Imported OpenAI account (Work account): Usage exhausted
■ Imported OpenAI account (request not sent) (Work account): Usage exhausted
■ Claude: Usage exhausted
■ Model provider (account unknown): Usage exhausted
■ Model provider (account unknown): Usage exhausted
