---
source: tui/src/chatwidget/tests/status_and_layout.rs
assertion_line: 189
expression: rendered
---
⚠ The selected model is at capacity. Retrying in 1 minute (1/4).

"                                                                                "
"• Waiting for model capacity (0s • esc to interrupt)                            "
"  └ Retrying in 1 minute (1/4).                                                 "
"                                                                                "
"                                                                                "
"› Ask Codex to do anything                                                      "
"                                                                                "
"  GPT-5.6-Sol default · /tmp/project                                            "
